<area shape="rect" id="node1" href="PON.ONU.EPON_ONU.html" title="Compound Module EPON_ONU" alt="" coords="327,83,423,111">
<area shape="rect" id="node2" href="PON.ONU.ONU_Port.html" title="Compound Module ONU_Port" alt="" coords="156,161,239,189">
<area shape="rect" id="node4" href="ned.IdealChannel.html" title="Channel IdealChannel" alt="" coords="263,161,361,189">
<area shape="rect" id="node6" href="../../../Vlans/doc/neddoc/Vlans.linklayer.EtherMacVlan.html" title="Simple Module EtherMacVlan" alt="" coords="385,161,489,189">
<area shape="rect" id="node8" href="PON.ONU.EPON_ONU_relay.html" title="Module Interface EPON_ONU_relay" alt="" coords="513,161,644,189">
<area shape="rect" id="node10" href="NonPollingPon.html" title="Network NonPollingPon" alt="" coords="5,6,112,34">
<area shape="rect" id="node12" href="PollingPon.html" title="Network PollingPon" alt="" coords="136,6,219,34">
<area shape="rect" id="node14" href="pon.html" title="Network pon" alt="" coords="243,6,315,34">
<area shape="rect" id="node16" href="pon_srv.html" title="Network pon_srv" alt="" coords="339,6,411,34">
<area shape="rect" id="node18" href="ponTCP.html" title="Network ponTCP" alt="" coords="435,6,507,34">
<area shape="rect" id="node20" href="SingleONU.html" title="Network SingleONU" alt="" coords="531,6,619,34">
<area shape="rect" id="node22" href="SingleONU2.html" title="Network SingleONU2" alt="" coords="643,6,736,34">
