<area shape="rect" id="node1" href="PON.OLT.EPON_OLT.html" title="Compound Module EPON_OLT" alt="" coords="329,83,420,111">
<area shape="rect" id="node2" href="ned.IdealChannel.html" title="Channel IdealChannel" alt="" coords="83,161,181,189">
<area shape="rect" id="node4" href="PON.OLT.ONUTable.html" title="Simple Module ONUTable" alt="" coords="205,161,288,189">
<area shape="rect" id="node6" href="PON.OLT.EPON_OLT_relay.html" title="Module Interface EPON_OLT_relay" alt="" coords="312,161,437,189">
<area shape="rect" id="node8" href="PON.OLT.OLT_IF.html" title="Compound Module OLT_IF" alt="" coords="461,161,533,189">
<area shape="rect" id="node10" href="../../../Vlans/doc/neddoc/Vlans.linklayer.EtherMacVlan.html" title="Simple Module EtherMacVlan" alt="" coords="557,161,661,189">
<area shape="rect" id="node12" href="NonPollingPon.html" title="Network NonPollingPon" alt="" coords="5,6,112,34">
<area shape="rect" id="node14" href="PollingPon.html" title="Network PollingPon" alt="" coords="136,6,219,34">
<area shape="rect" id="node16" href="pon.html" title="Network pon" alt="" coords="243,6,315,34">
<area shape="rect" id="node18" href="pon_srv.html" title="Network pon_srv" alt="" coords="339,6,411,34">
<area shape="rect" id="node20" href="ponTCP.html" title="Network ponTCP" alt="" coords="435,6,507,34">
<area shape="rect" id="node22" href="SingleONU.html" title="Network SingleONU" alt="" coords="531,6,619,34">
<area shape="rect" id="node24" href="SingleONU2.html" title="Network SingleONU2" alt="" coords="643,6,736,34">
