<area shape="rect" id="node1" href="pon_srv.html" title="Network pon_srv" alt="" coords="361,6,433,34">
<area shape="rect" id="node2" href="PON.ONU.EPON_ONU.html" title="Compound Module EPON_ONU" alt="" coords="5,83,101,111">
<area shape="rect" id="node4" href="../../../inetmanet/doc/neddoc/inet.nodes.ethernet.EtherHost.html" title="Compound Module EtherHost" alt="" coords="125,83,205,111">
<area shape="rect" id="node6" href="PON.PON_Splitter.html" title="Simple Module PON_Splitter" alt="" coords="229,83,328,111">
<area shape="rect" id="node8" href="PON.OLT.EPON_OLT.html" title="Compound Module EPON_OLT" alt="" coords="352,83,443,111">
<area shape="rect" id="node10" href="ned.DatarateChannel.html" title="Channel DatarateChannel" alt="" coords="467,83,587,111">
<area shape="rect" id="node12" href="PON.common.ServiceConfig.html" title="Simple Module ServiceConfig" alt="" coords="611,83,715,111">
<area shape="rect" id="node14" href="pon_srv.GFX.html" title="Channel GFX" alt="" coords="739,83,811,111">
